AL353U, NJ	99
AP300F, NJ	101
AP501F, NJ	138
AR290A, NJ	114
BLANKPLATE, 99	1203
N/A, NY	155
12359MG, NY	110
12817KA, NY	107
14483JY, NY	99
16206TC, NY	97
17741MD, NY	107
20302TC, NY	116
30954JX, NY	96
55109MB, NY	97
56207MG, NY	125
62546JM, NY	100
81091MB, NY	100
96087MA, NY	116
96089MA, NY	102
96091MA, NY	103
